86.202.238.245 - - [07/Feb/2016:10:44:08 -0800] "GET /wp-content/themes/great/js/modernizr.min.js HTTP/1.1" 200 6229 "http://techmeup.co/trouver-un-job-tech-a-san-francisco-ou-dans-la/" "Mozilla/5.0 (X11; Linux x86_64) AppleWebKit/537.36 (KHTML, like Gecko) Chrome/37.0.2062.120 Safari/537.36"
86.202.238.245 - - [07/Feb/2016:10:44:08 -0800] "GET /wp-content/themes/great/js/customscript.js HTTP/1.1" 200 3600 "http://techmeup.co/trouver-un-job-tech-a-san-francisco-ou-dans-la/" "Mozilla/5.0 (X11; Linux x86_64) AppleWebKit/537.36 (KHTML, like Gecko) Chrome/37.0.2062.120 Safari/537.36"
176.182.45.208 - - [07/Feb/2016:10:44:08 -0800] "GET /wp-content/plugins/wp-shortcode/css/tipsy.css?ver=4.1.1 HTTP/1.1" 200 867 "http://techmeup.co/trouver-un-job-tech-a-san-francisco-ou-dans-la/" "Mozilla/5.0 (Macintosh; Intel Mac OS X 10_11_3) AppleWebKit/601.4.4 (KHTML, like Gecko) Version/9.0.3 Safari/601.4.4"
176.182.45.208 - - [07/Feb/2016:10:44:08 -0800] "GET /wp-content/plugins/wp-shortcode/css/wp-shortcode.css?ver=4.1.1 HTTP/1.1" 200 2049 "http://techmeup.co/trouver-un-job-tech-a-san-francisco-ou-dans-la/" "Mozilla/5.0 (Macintosh; Intel Mac OS X 10_11_3) AppleWebKit/601.4.4 (KHTML, like Gecko) Version/9.0.3 Safari/601.4.4"
176.182.45.208 - - [07/Feb/2016:10:44:08 -0800] "GET /wp-includes/js/jquery/jquery.js?ver=1.11.1 HTTP/1.1" 200 33586 "http://techmeup.co/trouver-un-job-tech-a-san-francisco-ou-dans-la/" "Mozilla/5.0 (Macintosh; Intel Mac OS X 10_11_3) AppleWebKit/601.4.4 (KHTML, like Gecko) Version/9.0.3 Safari/601.4.4"
176.182.45.208 - - [07/Feb/2016:10:44:08 -0800] "GET /wp-content/plugins/easy-twitter-feed-widget/easy-twitter-feed-widget.css?ver=4.1.1 HTTP/1.1" 200 505 "http://techmeup.co/trouver-un-job-tech-a-san-francisco-ou-dans-la/" "Mozilla/5.0 (Macintosh; Intel Mac OS X 10_11_3) AppleWebKit/601.4.4 (KHTML, like Gecko) Version/9.0.3 Safari/601.4.4"
176.182.45.208 - - [07/Feb/2016:10:44:08 -0800] "GET /wp-content/plugins/hupso-share-buttons-for-twitter-facebook-google/style.css?ver=4.1.1 HTTP/1.1" 200 416 "http://techmeup.co/trouver-un-job-tech-a-san-francisco-ou-dans-la/" "Mozilla/5.0 (Macintosh; Intel Mac OS X 10_11_3) AppleWebKit/601.4.4 (KHTML, like Gecko) Version/9.0.3 Safari/601.4.4"
176.182.45.208 - - [07/Feb/2016:10:44:09 -0800] "GET /wp-content/plugins/wp-shortcode/js/jquery.tipsy.js?ver=4.1.1 HTTP/1.1" 200 3065 "http://techmeup.co/trouver-un-job-tech-a-san-francisco-ou-dans-la/" "Mozilla/5.0 (Macintosh; Intel Mac OS X 10_11_3) AppleWebKit/601.4.4 (KHTML, like Gecko) Version/9.0.3 Safari/601.4.4"
176.182.45.208 - - [07/Feb/2016:10:44:09 -0800] "GET /wp-includes/js/jquery/jquery-migrate.min.js?ver=1.2.1 HTTP/1.1" 200 3421 "http://techmeup.co/trouver-un-job-tech-a-san-francisco-ou-dans-la/" "Mozilla/5.0 (Macintosh; Intel Mac OS X 10_11_3) AppleWebKit/601.4.4 (KHTML, like Gecko) Version/9.0.3 Safari/601.4.4"
176.182.45.208 - - [07/Feb/2016:10:44:09 -0800] "GET /wp-content/plugins/wp-shortcode/js/wp-shortcode.js?ver=4.1.1 HTTP/1.1" 200 831 "http://techmeup.co/trouver-un-job-tech-a-san-francisco-ou-dans-la/" "Mozilla/5.0 (Macintosh; Intel Mac OS X 10_11_3) AppleWebKit/601.4.4 (KHTML, like Gecko) Version/9.0.3 Safari/601.4.4"
176.182.45.208 - - [07/Feb/2016:10:44:09 -0800] "GET /wp-includes/js/comment-reply.min.js?ver=4.1.1 HTTP/1.1" 200 757 "http://techmeup.co/trouver-un-job-tech-a-san-francisco-ou-dans-la/" "Mozilla/5.0 (Macintosh; Intel Mac OS X 10_11_3) AppleWebKit/601.4.4 (KHTML, like Gecko) Version/9.0.3 Safari/601.4.4"
176.182.45.208 - - [07/Feb/2016:10:44:09 -0800] "GET /wp-content/plugins/easy-twitter-feed-widget/lib/js/widget-easy-twitter-feed-widget.js?ver=1.0 HTTP/1.1" 200 663 "http://techmeup.co/trouver-un-job-tech-a-san-francisco-ou-dans-la/" "Mozilla/5.0 (Macintosh; Intel Mac OS X 10_11_3) AppleWebKit/601.4.4 (KHTML, like Gecko) Version/9.0.3 Safari/601.4.4"
176.182.45.208 - - [07/Feb/2016:10:44:09 -0800] "GET /wp-content/plugins/disqus-comment-system/media/js/disqus.js?ver=4.1.1 HTTP/1.1" 200 1101 "http://techmeup.co/trouver-un-job-tech-a-san-francisco-ou-dans-la/" "Mozilla/5.0 (Macintosh; Intel Mac OS X 10_11_3) AppleWebKit/601.4.4 (KHTML, like Gecko) Version/9.0.3 Safari/601.4.4"
176.182.45.208 - - [07/Feb/2016:10:44:09 -0800] "GET /wp-content/plugins/disqus-comment-system/media/js/count.js?ver=4.1.1 HTTP/1.1" 200 776 "http://techmeup.co/trouver-un-job-tech-a-san-francisco-ou-dans-la/" "Mozilla/5.0 (Macintosh; Intel Mac OS X 10_11_3) AppleWebKit/601.4.4 (KHTML, like Gecko) Version/9.0.3 Safari/601.4.4"
86.202.238.245 - - [07/Feb/2016:10:44:09 -0800] "GET /wp-includes/js/jquery/jquery-migrate.min.js?ver=1.2.1 HTTP/1.1" 200 3421 "http://techmeup.co/trouver-un-job-tech-a-san-francisco-ou-dans-la/" "Mozilla/5.0 (X11; Linux x86_64) AppleWebKit/537.36 (KHTML, like Gecko) Chrome/37.0.2062.120 Safari/537.36"
86.202.238.245 - - [07/Feb/2016:10:44:09 -0800] "GET /wp-content/plugins/wp-shortcode/js/jquery.tipsy.js?ver=4.1.1 HTTP/1.1" 200 3065 "http://techmeup.co/trouver-un-job-tech-a-san-francisco-ou-dans-la/" "Mozilla/5.0 (X11; Linux x86_64) AppleWebKit/537.36 (KHTML, like Gecko) Chrome/37.0.2062.120 Safari/537.36"
86.202.238.245 - - [07/Feb/2016:10:44:09 -0800] "GET /wp-content/plugins/wp-shortcode/js/wp-shortcode.js?ver=4.1.1 HTTP/1.1" 200 831 "http://techmeup.co/trouver-un-job-tech-a-san-francisco-ou-dans-la/" "Mozilla/5.0 (X11; Linux x86_64) AppleWebKit/537.36 (KHTML, like Gecko) Chrome/37.0.2062.120 Safari/537.36"
86.202.238.245 - - [07/Feb/2016:10:44:09 -0800] "GET /wp-includes/js/jquery/jquery.js?ver=1.11.1 HTTP/1.1" 200 33586 "http://techmeup.co/trouver-un-job-tech-a-san-francisco-ou-dans-la/" "Mozilla/5.0 (X11; Linux x86_64) AppleWebKit/537.36 (KHTML, like Gecko) Chrome/37.0.2062.120 Safari/537.36"
176.182.45.208 - - [07/Feb/2016:10:44:09 -0800] "GET /wp-content/themes/great/js/modernizr.min.js HTTP/1.1" 200 6229 "http://techmeup.co/trouver-un-job-tech-a-san-francisco-ou-dans-la/" "Mozilla/5.0 (Macintosh; Intel Mac OS X 10_11_3) AppleWebKit/601.4.4 (KHTML, like Gecko) Version/9.0.3 Safari/601.4.4"
86.202.238.245 - - [07/Feb/2016:10:44:09 -0800] "GET /wp-includes/js/comment-reply.min.js?ver=4.1.1 HTTP/1.1" 200 757 "http://techmeup.co/trouver-un-job-tech-a-san-francisco-ou-dans-la/" "Mozilla/5.0 (X11; Linux x86_64) AppleWebKit/537.36 (KHTML, like Gecko) Chrome/37.0.2062.120 Safari/537.36"
86.202.238.245 - - [07/Feb/2016:10:44:09 -0800] "GET /wp-content/plugins/easy-twitter-feed-widget/lib/js/widget-easy-twitter-feed-widget.js?ver=1.0 HTTP/1.1" 200 663 "http://techmeup.co/trouver-un-job-tech-a-san-francisco-ou-dans-la/" "Mozilla/5.0 (X11; Linux x86_64) AppleWebKit/537.36 (KHTML, like Gecko) Chrome/37.0.2062.120 Safari/537.36"
86.202.238.245 - - [07/Feb/2016:10:44:09 -0800] "GET /wp-content/plugins/disqus-comment-system/media/js/disqus.js?ver=4.1.1 HTTP/1.1" 200 1101 "http://techmeup.co/trouver-un-job-tech-a-san-francisco-ou-dans-la/" "Mozilla/5.0 (X11; Linux x86_64) AppleWebKit/537.36 (KHTML, like Gecko) Chrome/37.0.2062.120 Safari/537.36"
86.202.238.245 - - [07/Feb/2016:10:44:09 -0800] "GET /wp-content/plugins/disqus-comment-system/media/js/count.js?ver=4.1.1 HTTP/1.1" 200 776 "http://techmeup.co/trouver-un-job-tech-a-san-francisco-ou-dans-la/" "Mozilla/5.0 (X11; Linux x86_64) AppleWebKit/537.36 (KHTML, like Gecko) Chrome/37.0.2062.120 Safari/537.36"
86.202.238.245 - - [07/Feb/2016:10:44:10 -0800] "GET /wp-content/themes/great/images/linkedin.png HTTP/1.1" 200 4390 "http://techmeup.co/wp-content/themes/great/style.css" "Mozilla/5.0 (X11; Linux x86_64) AppleWebKit/537.36 (KHTML, like Gecko) Chrome/37.0.2062.120 Safari/537.36"
86.202.238.245 - - [07/Feb/2016:10:44:10 -0800] "GET /wp-content/themes/great/images/search.png HTTP/1.1" 200 1683 "http://techmeup.co/wp-content/themes/great/style.css" "Mozilla/5.0 (X11; Linux x86_64) AppleWebKit/537.36 (KHTML, like Gecko) Chrome/37.0.2062.120 Safari/537.36"
176.182.45.208 - - [07/Feb/2016:10:44:10 -0800] "GET /wp-content/themes/great/style.css HTTP/1.1" 200 7663 "http://techmeup.co/trouver-un-job-tech-a-san-francisco-ou-dans-la/" "Mozilla/5.0 (Macintosh; Intel Mac OS X 10_11_3) AppleWebKit/601.4.4 (KHTML, like Gecko) Version/9.0.3 Safari/601.4.4"
176.182.45.208 - - [07/Feb/2016:10:44:10 -0800] "GET /wp-content/themes/great/js/customscript.js HTTP/1.1" 200 3601 "http://techmeup.co/trouver-un-job-tech-a-san-francisco-ou-dans-la/" "Mozilla/5.0 (Macintosh; Intel Mac OS X 10_11_3) AppleWebKit/601.4.4 (KHTML, like Gecko) Version/9.0.3 Safari/601.4.4"
86.202.238.245 - - [07/Feb/2016:10:44:10 -0800] "POST /wp-admin/admin-ajax.php HTTP/1.1" 200 592 "http://techmeup.co/trouver-un-job-tech-a-san-francisco-ou-dans-la/" "Mozilla/5.0 (X11; Linux x86_64) AppleWebKit/537.36 (KHTML, like Gecko) Chrome/37.0.2062.120 Safari/537.36"
176.182.45.208 - - [07/Feb/2016:10:44:10 -0800] "GET /wp-content/themes/great/images/twitter.png HTTP/1.1" 200 4482 "http://techmeup.co/trouver-un-job-tech-a-san-francisco-ou-dans-la/" "Mozilla/5.0 (Macintosh; Intel Mac OS X 10_11_3) AppleWebKit/601.4.4 (KHTML, like Gecko) Version/9.0.3 Safari/601.4.4"
176.182.45.208 - - [07/Feb/2016:10:44:10 -0800] "GET /wp-content/themes/great/images/facebook.png HTTP/1.1" 200 4285 "http://techmeup.co/trouver-un-job-tech-a-san-francisco-ou-dans-la/" "Mozilla/5.0 (Macintosh; Intel Mac OS X 10_11_3) AppleWebKit/601.4.4 (KHTML, like Gecko) Version/9.0.3 Safari/601.4.4"
176.182.45.208 - - [07/Feb/2016:10:44:10 -0800] "GET /wp-content/themes/great/images/linkedin.png HTTP/1.1" 200 4390 "http://techmeup.co/trouver-un-job-tech-a-san-francisco-ou-dans-la/" "Mozilla/5.0 (Macintosh; Intel Mac OS X 10_11_3) AppleWebKit/601.4.4 (KHTML, like Gecko) Version/9.0.3 Safari/601.4.4"
176.182.45.208 - - [07/Feb/2016:10:44:10 -0800] "GET /wp-content/uploads/2014/11/tumblr_inline_ne4zzxKVb01sa6hof-50x50.png HTTP/1.1" 200 4330 "http://techmeup.co/trouver-un-job-tech-a-san-francisco-ou-dans-la/" "Mozilla/5.0 (Macintosh; Intel Mac OS X 10_11_3) AppleWebKit/601.4.4 (KHTML, like Gecko) Version/9.0.3 Safari/601.4.4"
176.182.45.208 - - [07/Feb/2016:10:44:10 -0800] "GET /wp-content/uploads/2015/02/tumblr_inline_njgqqazNyf1sa6hof-1-50x50.png HTTP/1.1" 200 4836 "http://techmeup.co/trouver-un-job-tech-a-san-francisco-ou-dans-la/" "Mozilla/5.0 (Macintosh; Intel Mac OS X 10_11_3) AppleWebKit/601.4.4 (KHTML, like Gecko) Version/9.0.3 Safari/601.4.4"
176.182.45.208 - - [07/Feb/2016:10:44:10 -0800] "GET /wp-content/uploads/2014/09/logo-transparent-horizontal-1024x482.png HTTP/1.1" 200 334990 "http://techmeup.co/trouver-un-job-tech-a-san-francisco-ou-dans-la/" "Mozilla/5.0 (Macintosh; Intel Mac OS X 10_11_3) AppleWebKit/601.4.4 (KHTML, like Gecko) Version/9.0.3 Safari/601.4.4"
176.182.45.208 - - [07/Feb/2016:10:44:10 -0800] "GET /wp-content/themes/great/images/arrow.png HTTP/1.1" 200 437 "http://techmeup.co/trouver-un-job-tech-a-san-francisco-ou-dans-la/" "Mozilla/5.0 (Macintosh; Intel Mac OS X 10_11_3) AppleWebKit/601.4.4 (KHTML, like Gecko) Version/9.0.3 Safari/601.4.4"
176.182.45.208 - - [07/Feb/2016:10:44:10 -0800] "GET /wp-content/themes/great/images/search.png HTTP/1.1" 200 1683 "http://techmeup.co/trouver-un-job-tech-a-san-francisco-ou-dans-la/" "Mozilla/5.0 (Macintosh; Intel Mac OS X 10_11_3) AppleWebKit/601.4.4 (KHTML, like Gecko) Version/9.0.3 Safari/601.4.4"
86.202.238.245 - - [07/Feb/2016:10:44:11 -0800] "GET /wordpress/wp-content/uploads/2015/02/logo-text1.png HTTP/1.1" 200 5144 "http://techmeup.co/trouver-un-job-tech-a-san-francisco-ou-dans-la/" "Mozilla/5.0 (X11; Linux x86_64) AppleWebKit/537.36 (KHTML, like Gecko) Chrome/37.0.2062.120 Safari/537.36"
86.202.238.245 - - [07/Feb/2016:10:44:11 -0800] "GET /wp-content/themes/great/images/facebook.png HTTP/1.1" 200 4285 "http://techmeup.co/wp-content/themes/great/style.css" "Mozilla/5.0 (X11; Linux x86_64) AppleWebKit/537.36 (KHTML, like Gecko) Chrome/37.0.2062.120 Safari/537.36"
176.182.45.208 - - [07/Feb/2016:10:44:10 -0800] "POST /wp-admin/admin-ajax.php HTTP/1.1" 200 592 "http://techmeup.co/trouver-un-job-tech-a-san-francisco-ou-dans-la/" "Mozilla/5.0 (Macintosh; Intel Mac OS X 10_11_3) AppleWebKit/601.4.4 (KHTML, like Gecko) Version/9.0.3 Safari/601.4.4"
86.202.238.245 - - [07/Feb/2016:10:44:11 -0800] "GET /wp-content/themes/great/images/twitter.png HTTP/1.1" 200 4482 "http://techmeup.co/wp-content/themes/great/style.css" "Mozilla/5.0 (X11; Linux x86_64) AppleWebKit/537.36 (KHTML, like Gecko) Chrome/37.0.2062.120 Safari/537.36"
86.202.238.245 - - [07/Feb/2016:10:44:11 -0800] "GET /wp-content/themes/great/images/arrow.png HTTP/1.1" 200 437 "http://techmeup.co/wp-content/themes/great/style.css" "Mozilla/5.0 (X11; Linux x86_64) AppleWebKit/537.36 (KHTML, like Gecko) Chrome/37.0.2062.120 Safari/537.36"
176.182.45.208 - - [07/Feb/2016:10:44:11 -0800] "GET /wordpress/wp-content/uploads/2015/02/logo-text1.png HTTP/1.1" 200 5144 "http://techmeup.co/trouver-un-job-tech-a-san-francisco-ou-dans-la/" "Mozilla/5.0 (Macintosh; Intel Mac OS X 10_11_3) AppleWebKit/601.4.4 (KHTML, like Gecko) Version/9.0.3 Safari/601.4.4"
86.202.238.245 - - [07/Feb/2016:10:44:11 -0800] "GET /wp-content/uploads/2015/01/tumblr_inline_niqsunAsTl1spe2e1-50x50.jpg HTTP/1.1" 200 2747 "http://techmeup.co/trouver-un-job-tech-a-san-francisco-ou-dans-la/" "Mozilla/5.0 (X11; Linux x86_64) AppleWebKit/537.36 (KHTML, like Gecko) Chrome/37.0.2062.120 Safari/537.36"
86.202.238.245 - - [07/Feb/2016:10:44:11 -0800] "GET /wp-content/uploads/2014/06/tumblr_inline_n6kfddJqSP1sa6hof-50x50.jpg HTTP/1.1" 200 2773 "http://techmeup.co/trouver-un-job-tech-a-san-francisco-ou-dans-la/" "Mozilla/5.0 (X11; Linux x86_64) AppleWebKit/537.36 (KHTML, like Gecko) Chrome/37.0.2062.120 Safari/537.36"
176.182.45.208 - - [07/Feb/2016:10:44:12 -0800] "GET /wordpress/wp-content/uploads/2015/02/favico.png HTTP/1.1" 200 987 "http://techmeup.co/trouver-un-job-tech-a-san-francisco-ou-dans-la/" "Mozilla/5.0 (Macintosh; Intel Mac OS X 10_11_3) AppleWebKit/601.4.4 (KHTML, like Gecko) Version/9.0.3 Safari/601.4.4"
176.182.45.208 - - [07/Feb/2016:10:44:12 -0800] "GET /trouver-un-job-tech-a-san-francisco-ou-dans-la/?cf_action=sync_comments&post_id=30 HTTP/1.1" 200 308 "http://techmeup.co/trouver-un-job-tech-a-san-francisco-ou-dans-la/" "Mozilla/5.0 (Macintosh; Intel Mac OS X 10_11_3) AppleWebKit/601.4.4 (KHTML, like Gecko) Version/9.0.3 Safari/601.4.4"
86.202.238.245 - - [07/Feb/2016:10:44:15 -0800] "GET /trouver-un-job-tech-a-san-francisco-ou-dans-la/?cf_action=sync_comments&post_id=30 HTTP/1.1" 200 308 "http://techmeup.co/trouver-un-job-tech-a-san-francisco-ou-dans-la/" "Mozilla/5.0 (X11; Linux x86_64) AppleWebKit/537.36 (KHTML, like Gecko) Chrome/37.0.2062.120 Safari/537.36"
86.202.238.245 - - [07/Feb/2016:10:44:09 -0800] "GET /wp-content/uploads/2014/09/logo-transparent-horizontal-1024x482.png HTTP/1.1" 200 334990 "http://techmeup.co/trouver-un-job-tech-a-san-francisco-ou-dans-la/" "Mozilla/5.0 (X11; Linux x86_64) AppleWebKit/537.36 (KHTML, like Gecko) Chrome/37.0.2062.120 Safari/537.36"
86.202.238.245 - - [07/Feb/2016:10:44:18 -0800] "GET /wordpress/wp-content/uploads/2015/02/favico.png HTTP/1.1" 200 987 "-" "Mozilla/5.0 (X11; Linux x86_64) AppleWebKit/537.36 (KHTML, like Gecko) Chrome/37.0.2062.120 Safari/537.36"
62.210.250.66 - - [07/Feb/2016:10:44:51 -0800] "POST /xmlrpc.php HTTP/1.1" 200 433 "http://hnwatcher.com/" "Mozilla/5.0 (Windows NT 10.0; WOW64) AppleWebKit/537.36 (KHTML, like Gecko) Chrome/46.0.2490.86 Safari/537.36"
62.210.250.66 - - [07/Feb/2016:10:45:54 -0800] "POST /xmlrpc.php HTTP/1.1" 200 433 "http://hnwatcher.com/" "Mozilla/5.0 (Windows NT 10.0; WOW64) AppleWebKit/537.36 (KHTML, like Gecko) Chrome/46.0.2490.86 Safari/537.36"
62.210.250.66 - - [07/Feb/2016:10:46:45 -0800] "POST /xmlrpc.php HTTP/1.1" 200 433 "http://hnwatcher.com/" "Mozilla/5.0 (Windows NT 10.0; WOW64) AppleWebKit/537.36 (KHTML, like Gecko) Chrome/46.0.2490.86 Safari/537.36"
62.210.250.66 - - [07/Feb/2016:10:47:45 -0800] "POST /xmlrpc.php HTTP/1.1" 200 0 "http://hnwatcher.com/" "Mozilla/5.0 (Windows NT 10.0; WOW64) AppleWebKit/537.36 (KHTML, like Gecko) Chrome/46.0.2490.86 Safari/537.36"
78.226.100.156 - - [07/Feb/2016:10:48:46 -0800] "GET /trouver-un-job-tech-a-san-francisco-ou-dans-la/ HTTP/1.1" 200 15536 "https://www.google.fr/" "Mozilla/5.0 (iPhone; CPU iPhone OS 9_2_1 like Mac OS X) AppleWebKit/601.1.46 (KHTML, like Gecko) Version/9.0 Mobile/13D15 Safari/601.1"
78.226.100.156 - - [07/Feb/2016:10:48:47 -0800] "GET /wp-content/plugins/wp-shortcode/css/tipsy.css?ver=4.1.1 HTTP/1.1" 200 867 "http://techmeup.co/trouver-un-job-tech-a-san-francisco-ou-dans-la/" "Mozilla/5.0 (iPhone; CPU iPhone OS 9_2_1 like Mac OS X) AppleWebKit/601.1.46 (KHTML, like Gecko) Version/9.0 Mobile/13D15 Safari/601.1"
78.226.100.156 - - [07/Feb/2016:10:48:47 -0800] "GET /wp-content/plugins/wp-shortcode/css/wp-shortcode.css?ver=4.1.1 HTTP/1.1" 200 2049 "http://techmeup.co/trouver-un-job-tech-a-san-francisco-ou-dans-la/" "Mozilla/5.0 (iPhone; CPU iPhone OS 9_2_1 like Mac OS X) AppleWebKit/601.1.46 (KHTML, like Gecko) Version/9.0 Mobile/13D15 Safari/601.1"
78.226.100.156 - - [07/Feb/2016:10:48:47 -0800] "GET /wp-includes/js/jquery/jquery.js?ver=1.11.1 HTTP/1.1" 200 33586 "http://techmeup.co/trouver-un-job-tech-a-san-francisco-ou-dans-la/" "Mozilla/5.0 (iPhone; CPU iPhone OS 9_2_1 like Mac OS X) AppleWebKit/601.1.46 (KHTML, like Gecko) Version/9.0 Mobile/13D15 Safari/601.1"
78.226.100.156 - - [07/Feb/2016:10:48:47 -0800] "GET /wp-includes/js/jquery/jquery-migrate.min.js?ver=1.2.1 HTTP/1.1" 200 3421 "http://techmeup.co/trouver-un-job-tech-a-san-francisco-ou-dans-la/" "Mozilla/5.0 (iPhone; CPU iPhone OS 9_2_1 like Mac OS X) AppleWebKit/601.1.46 (KHTML, like Gecko) Version/9.0 Mobile/13D15 Safari/601.1"
78.226.100.156 - - [07/Feb/2016:10:48:47 -0800] "GET /wp-content/themes/great/style.css HTTP/1.1" 200 7663 "http://techmeup.co/trouver-un-job-tech-a-san-francisco-ou-dans-la/" "Mozilla/5.0 (iPhone; CPU iPhone OS 9_2_1 like Mac OS X) AppleWebKit/601.1.46 (KHTML, like Gecko) Version/9.0 Mobile/13D15 Safari/601.1"
78.226.100.156 - - [07/Feb/2016:10:48:47 -0800] "GET /wp-content/plugins/wp-shortcode/js/jquery.tipsy.js?ver=4.1.1 HTTP/1.1" 200 3065 "http://techmeup.co/trouver-un-job-tech-a-san-francisco-ou-dans-la/" "Mozilla/5.0 (iPhone; CPU iPhone OS 9_2_1 like Mac OS X) AppleWebKit/601.1.46 (KHTML, like Gecko) Version/9.0 Mobile/13D15 Safari/601.1"
78.226.100.156 - - [07/Feb/2016:10:48:47 -0800] "GET /wp-content/plugins/wp-shortcode/js/wp-shortcode.js?ver=4.1.1 HTTP/1.1" 200 831 "http://techmeup.co/trouver-un-job-tech-a-san-francisco-ou-dans-la/" "Mozilla/5.0 (iPhone; CPU iPhone OS 9_2_1 like Mac OS X) AppleWebKit/601.1.46 (KHTML, like Gecko) Version/9.0 Mobile/13D15 Safari/601.1"
78.226.100.156 - - [07/Feb/2016:10:48:47 -0800] "GET /wp-includes/js/comment-reply.min.js?ver=4.1.1 HTTP/1.1" 200 757 "http://techmeup.co/trouver-un-job-tech-a-san-francisco-ou-dans-la/" "Mozilla/5.0 (iPhone; CPU iPhone OS 9_2_1 like Mac OS X) AppleWebKit/601.1.46 (KHTML, like Gecko) Version/9.0 Mobile/13D15 Safari/601.1"
78.226.100.156 - - [07/Feb/2016:10:48:47 -0800] "GET /wp-content/plugins/easy-twitter-feed-widget/easy-twitter-feed-widget.css?ver=4.1.1 HTTP/1.1" 200 505 "http://techmeup.co/trouver-un-job-tech-a-san-francisco-ou-dans-la/" "Mozilla/5.0 (iPhone; CPU iPhone OS 9_2_1 like Mac OS X) AppleWebKit/601.1.46 (KHTML, like Gecko) Version/9.0 Mobile/13D15 Safari/601.1"
78.226.100.156 - - [07/Feb/2016:10:48:47 -0800] "GET /wp-content/plugins/easy-twitter-feed-widget/lib/js/widget-easy-twitter-feed-widget.js?ver=1.0 HTTP/1.1" 200 663 "http://techmeup.co/trouver-un-job-tech-a-san-francisco-ou-dans-la/" "Mozilla/5.0 (iPhone; CPU iPhone OS 9_2_1 like Mac OS X) AppleWebKit/601.1.46 (KHTML, like Gecko) Version/9.0 Mobile/13D15 Safari/601.1"
78.226.100.156 - - [07/Feb/2016:10:48:47 -0800] "GET /wp-content/plugins/disqus-comment-system/media/js/disqus.js?ver=4.1.1 HTTP/1.1" 200 1101 "http://techmeup.co/trouver-un-job-tech-a-san-francisco-ou-dans-la/" "Mozilla/5.0 (iPhone; CPU iPhone OS 9_2_1 like Mac OS X) AppleWebKit/601.1.46 (KHTML, like Gecko) Version/9.0 Mobile/13D15 Safari/601.1"
78.226.100.156 - - [07/Feb/2016:10:48:47 -0800] "GET /wp-content/plugins/disqus-comment-system/media/js/count.js?ver=4.1.1 HTTP/1.1" 200 776 "http://techmeup.co/trouver-un-job-tech-a-san-francisco-ou-dans-la/" "Mozilla/5.0 (iPhone; CPU iPhone OS 9_2_1 like Mac OS X) AppleWebKit/601.1.46 (KHTML, like Gecko) Version/9.0 Mobile/13D15 Safari/601.1"
78.226.100.156 - - [07/Feb/2016:10:48:47 -0800] "GET /wp-content/themes/great/js/customscript.js HTTP/1.1" 200 3601 "http://techmeup.co/trouver-un-job-tech-a-san-francisco-ou-dans-la/" "Mozilla/5.0 (iPhone; CPU iPhone OS 9_2_1 like Mac OS X) AppleWebKit/601.1.46 (KHTML, like Gecko) Version/9.0 Mobile/13D15 Safari/601.1"
78.226.100.156 - - [07/Feb/2016:10:48:47 -0800] "GET /wp-content/plugins/hupso-share-buttons-for-twitter-facebook-google/style.css?ver=4.1.1 HTTP/1.1" 200 416 "http://techmeup.co/trouver-un-job-tech-a-san-francisco-ou-dans-la/" "Mozilla/5.0 (iPhone; CPU iPhone OS 9_2_1 like Mac OS X) AppleWebKit/601.1.46 (KHTML, like Gecko) Version/9.0 Mobile/13D15 Safari/601.1"
78.226.100.156 - - [07/Feb/2016:10:48:47 -0800] "GET /wp-content/uploads/2014/05/Screen-Shot-2015-02-22-at-12.33.02-AM-50x50.png HTTP/1.1" 200 4803 "http://techmeup.co/trouver-un-job-tech-a-san-francisco-ou-dans-la/" "Mozilla/5.0 (iPhone; CPU iPhone OS 9_2_1 like Mac OS X) AppleWebKit/601.1.46 (KHTML, like Gecko) Version/9.0 Mobile/13D15 Safari/601.1"
199.16.156.126 - - [07/Feb/2016:10:48:46 -0800] "GET /robots.txt HTTP/1.1" 200 367 "-" "Twitterbot/1.0"
78.226.100.156 - - [07/Feb/2016:10:48:47 -0800] "GET /wp-content/themes/great/js/modernizr.min.js HTTP/1.1" 200 6229 "http://techmeup.co/trouver-un-job-tech-a-san-francisco-ou-dans-la/" "Mozilla/5.0 (iPhone; CPU iPhone OS 9_2_1 like Mac OS X) AppleWebKit/601.1.46 (KHTML, like Gecko) Version/9.0 Mobile/13D15 Safari/601.1"
78.226.100.156 - - [07/Feb/2016:10:48:47 -0800] "GET /wordpress/wp-content/uploads/2015/02/logo-text1.png HTTP/1.1" 200 5144 "http://techmeup.co/trouver-un-job-tech-a-san-francisco-ou-dans-la/" "Mozilla/5.0 (iPhone; CPU iPhone OS 9_2_1 like Mac OS X) AppleWebKit/601.1.46 (KHTML, like Gecko) Version/9.0 Mobile/13D15 Safari/601.1"
78.226.100.156 - - [07/Feb/2016:10:48:47 -0800] "GET /wp-content/themes/great/images/facebook.png HTTP/1.1" 200 4285 "http://techmeup.co/trouver-un-job-tech-a-san-francisco-ou-dans-la/" "Mozilla/5.0 (iPhone; CPU iPhone OS 9_2_1 like Mac OS X) AppleWebKit/601.1.46 (KHTML, like Gecko) Version/9.0 Mobile/13D15 Safari/601.1"
78.226.100.156 - - [07/Feb/2016:10:48:47 -0800] "GET /wp-content/themes/great/images/twitter.png HTTP/1.1" 200 4482 "http://techmeup.co/trouver-un-job-tech-a-san-francisco-ou-dans-la/" "Mozilla/5.0 (iPhone; CPU iPhone OS 9_2_1 like Mac OS X) AppleWebKit/601.1.46 (KHTML, like Gecko) Version/9.0 Mobile/13D15 Safari/601.1"
78.226.100.156 - - [07/Feb/2016:10:48:47 -0800] "GET /wp-content/themes/great/images/linkedin.png HTTP/1.1" 200 4390 "http://techmeup.co/trouver-un-job-tech-a-san-francisco-ou-dans-la/" "Mozilla/5.0 (iPhone; CPU iPhone OS 9_2_1 like Mac OS X) AppleWebKit/601.1.46 (KHTML, like Gecko) Version/9.0 Mobile/13D15 Safari/601.1"
78.226.100.156 - - [07/Feb/2016:10:48:47 -0800] "GET /wp-content/uploads/2014/09/logo-transparent-horizontal-1024x482.png HTTP/1.1" 200 334990 "http://techmeup.co/trouver-un-job-tech-a-san-francisco-ou-dans-la/" "Mozilla/5.0 (iPhone; CPU iPhone OS 9_2_1 like Mac OS X) AppleWebKit/601.1.46 (KHTML, like Gecko) Version/9.0 Mobile/13D15 Safari/601.1"
78.226.100.156 - - [07/Feb/2016:10:48:47 -0800] "GET /wp-content/uploads/2015/01/tumblr_inline_niqsunAsTl1spe2e1-50x50.jpg HTTP/1.1" 200 2747 "http://techmeup.co/trouver-un-job-tech-a-san-francisco-ou-dans-la/" "Mozilla/5.0 (iPhone; CPU iPhone OS 9_2_1 like Mac OS X) AppleWebKit/601.1.46 (KHTML, like Gecko) Version/9.0 Mobile/13D15 Safari/601.1"
199.16.156.126 - - [07/Feb/2016:10:48:47 -0800] "GET /post/104056058258/les-geeks-les-vengeurs-masques-du-21eme-siecle HTTP/1.1" 301 310 "-" "Twitterbot/1.0"
78.226.100.156 - - [07/Feb/2016:10:48:48 -0800] "GET /wp-content/themes/great/images/search.png HTTP/1.1" 200 1683 "http://techmeup.co/trouver-un-job-tech-a-san-francisco-ou-dans-la/" "Mozilla/5.0 (iPhone; CPU iPhone OS 9_2_1 like Mac OS X) AppleWebKit/601.1.46 (KHTML, like Gecko) Version/9.0 Mobile/13D15 Safari/601.1"
78.226.100.156 - - [07/Feb/2016:10:48:48 -0800] "GET /wp-content/themes/great/images/arrow.png HTTP/1.1" 200 437 "http://techmeup.co/trouver-un-job-tech-a-san-francisco-ou-dans-la/" "Mozilla/5.0 (iPhone; CPU iPhone OS 9_2_1 like Mac OS X) AppleWebKit/601.1.46 (KHTML, like Gecko) Version/9.0 Mobile/13D15 Safari/601.1"
78.226.100.156 - - [07/Feb/2016:10:48:48 -0800] "POST /wp-admin/admin-ajax.php HTTP/1.1" 200 592 "http://techmeup.co/trouver-un-job-tech-a-san-francisco-ou-dans-la/" "Mozilla/5.0 (iPhone; CPU iPhone OS 9_2_1 like Mac OS X) AppleWebKit/601.1.46 (KHTML, like Gecko) Version/9.0 Mobile/13D15 Safari/601.1"
199.16.156.126 - - [07/Feb/2016:10:48:49 -0800] "GET /les-geeks-les-vengeurs-masques-du-21eme-siecle HTTP/1.1" 404 4816 "-" "Twitterbot/1.0"
78.226.100.156 - - [07/Feb/2016:10:48:52 -0800] "GET /trouver-un-job-tech-a-san-francisco-ou-dans-la/?cf_action=sync_comments&post_id=30 HTTP/1.1" 200 308 "http://techmeup.co/trouver-un-job-tech-a-san-francisco-ou-dans-la/" "Mozilla/5.0 (iPhone; CPU iPhone OS 9_2_1 like Mac OS X) AppleWebKit/601.1.46 (KHTML, like Gecko) Version/9.0 Mobile/13D15 Safari/601.1"
50.116.28.209 - - [07/Feb/2016:10:48:56 -0800] "GET /rss HTTP/1.1" 304 219 "-" "Superfeedr bot/2.0 http://superfeedr.com - Make your feeds realtime: get in touch - feed-id:138292308"
62.210.250.66 - - [07/Feb/2016:10:49:05 -0800] "POST /xmlrpc.php HTTP/1.1" 200 433 "http://hnwatcher.com/" "Mozilla/5.0 (Windows NT 10.0; WOW64) AppleWebKit/537.36 (KHTML, like Gecko) Chrome/46.0.2490.86 Safari/537.36"
195.81.235.66 - - [07/Feb/2016:10:50:08 -0800] "GET /trouver-un-job-tech-a-san-francisco-ou-dans-la/ HTTP/1.1" 200 15572 "https://www.google.fr" "Mozilla/5.0 (Windows NT 6.1; WOW64; rv:43.0) Gecko/20100101 Firefox/43.0"
195.81.235.66 - - [07/Feb/2016:10:50:09 -0800] "GET /wp-content/themes/great/style.css HTTP/1.1" 200 7662 "http://techmeup.co/trouver-un-job-tech-a-san-francisco-ou-dans-la/" "Mozilla/5.0 (Windows NT 6.1; WOW64; rv:43.0) Gecko/20100101 Firefox/43.0"
195.81.235.66 - - [07/Feb/2016:10:50:09 -0800] "GET /wp-content/themes/great/js/modernizr.min.js HTTP/1.1" 200 6229 "http://techmeup.co/trouver-un-job-tech-a-san-francisco-ou-dans-la/" "Mozilla/5.0 (Windows NT 6.1; WOW64; rv:43.0) Gecko/20100101 Firefox/43.0"
195.81.235.66 - - [07/Feb/2016:10:50:09 -0800] "GET /wp-content/themes/great/js/customscript.js HTTP/1.1" 200 3600 "http://techmeup.co/trouver-un-job-tech-a-san-francisco-ou-dans-la/" "Mozilla/5.0 (Windows NT 6.1; WOW64; rv:43.0) Gecko/20100101 Firefox/43.0"
195.81.235.66 - - [07/Feb/2016:10:50:09 -0800] "GET /wp-content/plugins/hupso-share-buttons-for-twitter-facebook-google/style.css?ver=4.1.1 HTTP/1.1" 200 415 "http://techmeup.co/trouver-un-job-tech-a-san-francisco-ou-dans-la/" "Mozilla/5.0 (Windows NT 6.1; WOW64; rv:43.0) Gecko/20100101 Firefox/43.0"
195.81.235.66 - - [07/Feb/2016:10:50:09 -0800] "GET /wp-content/plugins/easy-twitter-feed-widget/easy-twitter-feed-widget.css?ver=4.1.1 HTTP/1.1" 200 504 "http://techmeup.co/trouver-un-job-tech-a-san-francisco-ou-dans-la/" "Mozilla/5.0 (Windows NT 6.1; WOW64; rv:43.0) Gecko/20100101 Firefox/43.0"
195.81.235.66 - - [07/Feb/2016:10:50:09 -0800] "GET /wp-content/plugins/wp-shortcode/css/tipsy.css?ver=4.1.1 HTTP/1.1" 200 867 "http://techmeup.co/trouver-un-job-tech-a-san-francisco-ou-dans-la/" "Mozilla/5.0 (Windows NT 6.1; WOW64; rv:43.0) Gecko/20100101 Firefox/43.0"
195.81.235.66 - - [07/Feb/2016:10:50:09 -0800] "GET /wp-content/plugins/wp-shortcode/js/jquery.tipsy.js?ver=4.1.1 HTTP/1.1" 200 3065 "http://techmeup.co/trouver-un-job-tech-a-san-francisco-ou-dans-la/" "Mozilla/5.0 (Windows NT 6.1; WOW64; rv:43.0) Gecko/20100101 Firefox/43.0"
195.81.235.66 - - [07/Feb/2016:10:50:09 -0800] "GET /wp-content/plugins/wp-shortcode/css/wp-shortcode.css?ver=4.1.1 HTTP/1.1" 200 2050 "http://techmeup.co/trouver-un-job-tech-a-san-francisco-ou-dans-la/" "Mozilla/5.0 (Windows NT 6.1; WOW64; rv:43.0) Gecko/20100101 Firefox/43.0"
195.81.235.66 - - [07/Feb/2016:10:50:09 -0800] "GET /wp-content/plugins/wp-shortcode/js/wp-shortcode.js?ver=4.1.1 HTTP/1.1" 200 832 "http://techmeup.co/trouver-un-job-tech-a-san-francisco-ou-dans-la/" "Mozilla/5.0 (Windows NT 6.1; WOW64; rv:43.0) Gecko/20100101 Firefox/43.0"
195.81.235.66 - - [07/Feb/2016:10:50:09 -0800] "GET /wp-includes/js/jquery/jquery-migrate.min.js?ver=1.2.1 HTTP/1.1" 200 3422 "http://techmeup.co/trouver-un-job-tech-a-san-francisco-ou-dans-la/" "Mozilla/5.0 (Windows NT 6.1; WOW64; rv:43.0) Gecko/20100101 Firefox/43.0"
195.81.235.66 - - [07/Feb/2016:10:50:09 -0800] "GET /wp-includes/js/jquery/jquery.js?ver=1.11.1 HTTP/1.1" 200 33587 "http://techmeup.co/trouver-un-job-tech-a-san-francisco-ou-dans-la/" "Mozilla/5.0 (Windows NT 6.1; WOW64; rv:43.0) Gecko/20100101 Firefox/43.0"
195.81.235.66 - - [07/Feb/2016:10:50:10 -0800] "GET /wp-content/uploads/2014/09/logo-transparent-horizontal-1024x482.png HTTP/1.1" 200 334990 "http://techmeup.co/trouver-un-job-tech-a-san-francisco-ou-dans-la/" "Mozilla/5.0 (Windows NT 6.1; WOW64; rv:43.0) Gecko/20100101 Firefox/43.0"
195.81.235.66 - - [07/Feb/2016:10:50:10 -0800] "GET /wordpress/wp-content/uploads/2015/02/logo-text1.png HTTP/1.1" 200 5144 "http://techmeup.co/trouver-un-job-tech-a-san-francisco-ou-dans-la/" "Mozilla/5.0 (Windows NT 6.1; WOW64; rv:43.0) Gecko/20100101 Firefox/43.0"
195.81.235.66 - - [07/Feb/2016:10:50:11 -0800] "GET /wp-content/uploads/2015/02/tumblr_inline_njgqqazNyf1sa6hof-1-50x50.png HTTP/1.1" 200 4836 "http://techmeup.co/trouver-un-job-tech-a-san-francisco-ou-dans-la/" "Mozilla/5.0 (Windows NT 6.1; WOW64; rv:43.0) Gecko/20100101 Firefox/43.0"
195.81.235.66 - - [07/Feb/2016:10:50:11 -0800] "GET /wp-content/plugins/easy-twitter-feed-widget/lib/js/widget-easy-twitter-feed-widget.js?ver=1.0 HTTP/1.1" 200 663 "http://techmeup.co/trouver-un-job-tech-a-san-francisco-ou-dans-la/" "Mozilla/5.0 (Windows NT 6.1; WOW64; rv:43.0) Gecko/20100101 Firefox/43.0"
195.81.235.66 - - [07/Feb/2016:10:50:11 -0800] "GET /wp-content/plugins/disqus-comment-system/media/js/disqus.js?ver=4.1.1 HTTP/1.1" 200 1101 "http://techmeup.co/trouver-un-job-tech-a-san-francisco-ou-dans-la/" "Mozilla/5.0 (Windows NT 6.1; WOW64; rv:43.0) Gecko/20100101 Firefox/43.0"
195.81.235.66 - - [07/Feb/2016:10:50:11 -0800] "GET /wp-includes/js/comment-reply.min.js?ver=4.1.1 HTTP/1.1" 200 757 "http://techmeup.co/trouver-un-job-tech-a-san-francisco-ou-dans-la/" "Mozilla/5.0 (Windows NT 6.1; WOW64; rv:43.0) Gecko/20100101 Firefox/43.0"
195.81.235.66 - - [07/Feb/2016:10:50:11 -0800] "GET /wp-content/plugins/disqus-comment-system/media/js/count.js?ver=4.1.1 HTTP/1.1" 200 776 "http://techmeup.co/trouver-un-job-tech-a-san-francisco-ou-dans-la/" "Mozilla/5.0 (Windows NT 6.1; WOW64; rv:43.0) Gecko/20100101 Firefox/43.0"
195.81.235.66 - - [07/Feb/2016:10:50:11 -0800] "GET /wp-content/uploads/2014/06/tumblr_inline_n773jlxJpN1sa6hof-50x50.jpg HTTP/1.1" 200 2114 "http://techmeup.co/trouver-un-job-tech-a-san-francisco-ou-dans-la/" "Mozilla/5.0 (Windows NT 6.1; WOW64; rv:43.0) Gecko/20100101 Firefox/43.0"
195.81.235.66 - - [07/Feb/2016:10:50:11 -0800] "GET /wp-content/themes/great/images/facebook.png HTTP/1.1" 200 4285 "http://techmeup.co/wp-content/themes/great/style.css" "Mozilla/5.0 (Windows NT 6.1; WOW64; rv:43.0) Gecko/20100101 Firefox/43.0"
195.81.235.66 - - [07/Feb/2016:10:50:11 -0800] "GET /wp-content/themes/great/images/linkedin.png HTTP/1.1" 200 4391 "http://techmeup.co/wp-content/themes/great/style.css" "Mozilla/5.0 (Windows NT 6.1; WOW64; rv:43.0) Gecko/20100101 Firefox/43.0"
195.81.235.66 - - [07/Feb/2016:10:50:11 -0800] "GET /wp-content/themes/great/images/twitter.png HTTP/1.1" 200 4483 "http://techmeup.co/wp-content/themes/great/style.css" "Mozilla/5.0 (Windows NT 6.1; WOW64; rv:43.0) Gecko/20100101 Firefox/43.0"
195.81.235.66 - - [07/Feb/2016:10:50:11 -0800] "GET /wordpress/wp-content/uploads/2015/02/favico.png HTTP/1.1" 200 987 "-" "Mozilla/5.0 (Windows NT 6.1; WOW64; rv:43.0) Gecko/20100101 Firefox/43.0"
195.81.235.66 - - [07/Feb/2016:10:50:11 -0800] "GET /wp-content/themes/great/images/search.png HTTP/1.1" 200 1683 "http://techmeup.co/wp-content/themes/great/style.css" "Mozilla/5.0 (Windows NT 6.1; WOW64; rv:43.0) Gecko/20100101 Firefox/43.0"
195.81.235.66 - - [07/Feb/2016:10:50:11 -0800] "GET /wp-content/themes/great/images/arrow.png HTTP/1.1" 200 437 "http://techmeup.co/wp-content/themes/great/style.css" "Mozilla/5.0 (Windows NT 6.1; WOW64; rv:43.0) Gecko/20100101 Firefox/43.0"
195.81.235.66 - - [07/Feb/2016:10:50:12 -0800] "POST /wp-admin/admin-ajax.php HTTP/1.1" 200 504 "http://techmeup.co/trouver-un-job-tech-a-san-francisco-ou-dans-la/" "Mozilla/5.0 (Windows NT 6.1; WOW64; rv:43.0) Gecko/20100101 Firefox/43.0"
62.210.250.66 - - [07/Feb/2016:10:50:00 -0800] "POST /xmlrpc.php HTTP/1.1" 200 433 "http://hnwatcher.com/" "Mozilla/5.0 (Windows NT 10.0; WOW64) AppleWebKit/537.36 (KHTML, like Gecko) Chrome/46.0.2490.86 Safari/537.36"
195.81.235.66 - - [07/Feb/2016:10:50:13 -0800] "GET /trouver-un-job-tech-a-san-francisco-ou-dans-la/?cf_action=sync_comments&post_id=30 HTTP/1.1" 200 308 "http://techmeup.co/trouver-un-job-tech-a-san-francisco-ou-dans-la/" "Mozilla/5.0 (Windows NT 6.1; WOW64; rv:43.0) Gecko/20100101 Firefox/43.0"
95.78.219.99 - - [07/Feb/2016:10:50:25 -0800] "GET / HTTP/1.0" 200 33325 "http://rakuwka.ru" "Mozilla/5.0 (Windows; U; MSIE 9.0; Windows NT 9.0; en-US)"
62.210.250.66 - - [07/Feb/2016:10:50:51 -0800] "POST /xmlrpc.php HTTP/1.1" 200 433 "http://hnwatcher.com/" "Mozilla/5.0 (Windows NT 10.0; WOW64) AppleWebKit/537.36 (KHTML, like Gecko) Chrome/46.0.2490.86 Safari/537.36"
62.210.250.66 - - [07/Feb/2016:10:52:35 -0800] "POST /xmlrpc.php HTTP/1.1" 200 433 "http://hnwatcher.com/" "Mozilla/5.0 (Windows NT 10.0; WOW64) AppleWebKit/537.36 (KHTML, like Gecko) Chrome/46.0.2490.86 Safari/537.36"
207.46.13.30 - - [07/Feb/2016:10:54:37 -0800] "GET / HTTP/1.1" 200 7274 "-" "Mozilla/5.0 (compatible; bingbot/2.0; +http://www.bing.com/bingbot.htm)"
78.248.123.50 - - [07/Feb/2016:10:55:05 -0800] "GET /wp-content/uploads/2015/02/1620528_10152406520622652_278602715_n-300x300.jpg HTTP/1.1" 200 37378 "http://hnwatcher.com/silicon-valley/" "Mozilla/5.0 (Windows NT 6.1; WOW64) AppleWebKit/537.36 (KHTML, like Gecko) Chrome/48.0.2564.103 Safari/537.36"
78.248.123.50 - - [07/Feb/2016:10:55:05 -0800] "GET /wp-content/uploads/2015/02/10527525_10153205547817652_3810498128776234928_n-300x300.jpg HTTP/1.1" 200 34314 "http://hnwatcher.com/silicon-valley/" "Mozilla/5.0 (Windows NT 6.1; WOW64) AppleWebKit/537.36 (KHTML, like Gecko) Chrome/48.0.2564.103 Safari/537.36"
62.210.250.66 - - [07/Feb/2016:10:54:56 -0800] "POST /xmlrpc.php HTTP/1.1" 200 433 "http://hnwatcher.com/" "Mozilla/5.0 (Windows NT 10.0; WOW64) AppleWebKit/537.36 (KHTML, like Gecko) Chrome/46.0.2490.86 Safari/537.36"
78.248.123.50 - - [07/Feb/2016:10:55:08 -0800] "GET /wp-content/uploads/2015/03/1-9mRgHn-sBX_FQuA08m4kdA-1024x755.jpeg HTTP/1.1" 200 97501 "http://hnwatcher.com/silicon-valley/" "Mozilla/5.0 (Windows NT 6.1; WOW64) AppleWebKit/537.36 (KHTML, like Gecko) Chrome/48.0.2564.103 Safari/537.36"
78.248.123.50 - - [07/Feb/2016:10:55:05 -0800] "GET /wp-content/uploads/2015/03/1-l57K-8uyN9ELuGbgcaItmw-1024x524.png HTTP/1.1" 200 190496 "http://hnwatcher.com/silicon-valley/" "Mozilla/5.0 (Windows NT 6.1; WOW64) AppleWebKit/537.36 (KHTML, like Gecko) Chrome/48.0.2564.103 Safari/537.36"
78.248.123.50 - - [07/Feb/2016:10:55:05 -0800] "GET /wp-content/uploads/2015/03/1-4hdrSSvSgHd6oa4AL5KK3Q.jpeg HTTP/1.1" 200 174731 "http://hnwatcher.com/silicon-valley/" "Mozilla/5.0 (Windows NT 6.1; WOW64) AppleWebKit/537.36 (KHTML, like Gecko) Chrome/48.0.2564.103 Safari/537.36"
78.248.123.50 - - [07/Feb/2016:10:55:13 -0800] "GET /wp-content/uploads/2015/03/4N8A4857-1024x683.jpg HTTP/1.1" 200 115506 "http://hnwatcher.com/silicon-valley/" "Mozilla/5.0 (Windows NT 6.1; WOW64) AppleWebKit/537.36 (KHTML, like Gecko) Chrome/48.0.2564.103 Safari/537.36"
78.248.123.50 - - [07/Feb/2016:10:55:13 -0800] "GET /wp-content/uploads/2015/03/Screenshot-2015-03-13-20.20.39-1024x165.png HTTP/1.1" 200 203836 "http://hnwatcher.com/silicon-valley/" "Mozilla/5.0 (Windows NT 6.1; WOW64) AppleWebKit/537.36 (KHTML, like Gecko) Chrome/48.0.2564.103 Safari/537.36"
198.58.103.28 - - [07/Feb/2016:10:57:01 -0800] "GET /rss HTTP/1.1" 304 219 "-" "Superfeedr bot/2.0 http://superfeedr.com - Make your feeds realtime: get in touch - feed-id:138292308"
62.210.250.66 - - [07/Feb/2016:10:59:14 -0800] "POST /xmlrpc.php HTTP/1.1" 200 433 "http://hnwatcher.com/" "Mozilla/5.0 (Windows NT 10.0; WOW64) AppleWebKit/537.36 (KHTML, like Gecko) Chrome/46.0.2490.86 Safari/537.36"
109.26.61.117 - - [07/Feb/2016:11:00:20 -0800] "GET / HTTP/1.1" 200 358 "-" "Mozilla/5.0 (iPhone; CPU iPhone OS 9_2_1 like Mac OS X) AppleWebKit/601.1.46 (KHTML, like Gecko) Version/9.0 Mobile/13D15 Safari/601.1"
62.210.250.66 - - [07/Feb/2016:11:00:25 -0800] "POST /xmlrpc.php HTTP/1.1" 200 433 "http://hnwatcher.com/" "Mozilla/5.0 (Windows NT 10.0; WOW64) AppleWebKit/537.36 (KHTML, like Gecko) Chrome/46.0.2490.86 Safari/537.36"
84.103.122.246 - - [07/Feb/2016:11:01:11 -0800] "GET /trouver-un-job-tech-a-san-francisco-ou-dans-la/ HTTP/1.1" 200 15521 "https://www.google.fr/" "Mozilla/5.0 (Windows NT 10.0; WOW64) AppleWebKit/537.36 (KHTML, like Gecko) Chrome/48.0.2564.103 Safari/537.36"
84.103.122.246 - - [07/Feb/2016:11:01:11 -0800] "GET /wp-content/themes/great/style.css HTTP/1.1" 200 7663 "http://techmeup.co/trouver-un-job-tech-a-san-francisco-ou-dans-la/" "Mozilla/5.0 (Windows NT 10.0; WOW64) AppleWebKit/537.36 (KHTML, like Gecko) Chrome/48.0.2564.103 Safari/537.36"
84.103.122.246 - - [07/Feb/2016:11:01:11 -0800] "GET /wp-content/themes/great/js/modernizr.min.js HTTP/1.1" 200 6228 "http://techmeup.co/trouver-un-job-tech-a-san-francisco-ou-dans-la/" "Mozilla/5.0 (Windows NT 10.0; WOW64) AppleWebKit/537.36 (KHTML, like Gecko) Chrome/48.0.2564.103 Safari/537.36"
84.103.122.246 - - [07/Feb/2016:11:01:11 -0800] "GET /wp-content/plugins/hupso-share-buttons-for-twitter-facebook-google/style.css?ver=4.1.1 HTTP/1.1" 200 416 "http://techmeup.co/trouver-un-job-tech-a-san-francisco-ou-dans-la/" "Mozilla/5.0 (Windows NT 10.0; WOW64) AppleWebKit/537.36 (KHTML, like Gecko) Chrome/48.0.2564.103 Safari/537.36"
84.103.122.246 - - [07/Feb/2016:11:01:11 -0800] "GET /wp-content/plugins/easy-twitter-feed-widget/easy-twitter-feed-widget.css?ver=4.1.1 HTTP/1.1" 200 505 "http://techmeup.co/trouver-un-job-tech-a-san-francisco-ou-dans-la/" "Mozilla/5.0 (Windows NT 10.0; WOW64) AppleWebKit/537.36 (KHTML, like Gecko) Chrome/48.0.2564.103 Safari/537.36"
84.103.122.246 - - [07/Feb/2016:11:01:11 -0800] "GET /wp-content/plugins/wp-shortcode/css/tipsy.css?ver=4.1.1 HTTP/1.1" 200 867 "http://techmeup.co/trouver-un-job-tech-a-san-francisco-ou-dans-la/" "Mozilla/5.0 (Windows NT 10.0; WOW64) AppleWebKit/537.36 (KHTML, like Gecko) Chrome/48.0.2564.103 Safari/537.36"
84.103.122.246 - - [07/Feb/2016:11:01:11 -0800] "GET /wp-content/themes/great/js/customscript.js HTTP/1.1" 200 3601 "http://techmeup.co/trouver-un-job-tech-a-san-francisco-ou-dans-la/" "Mozilla/5.0 (Windows NT 10.0; WOW64) AppleWebKit/537.36 (KHTML, like Gecko) Chrome/48.0.2564.103 Safari/537.36"
84.103.122.246 - - [07/Feb/2016:11:01:11 -0800] "GET /wp-content/plugins/wp-shortcode/css/wp-shortcode.css?ver=4.1.1 HTTP/1.1" 200 2050 "http://techmeup.co/trouver-un-job-tech-a-san-francisco-ou-dans-la/" "Mozilla/5.0 (Windows NT 10.0; WOW64) AppleWebKit/537.36 (KHTML, like Gecko) Chrome/48.0.2564.103 Safari/537.36"
84.103.122.246 - - [07/Feb/2016:11:01:11 -0800] "GET /wordpress/wp-content/uploads/2015/02/logo-text1.png HTTP/1.1" 200 5144 "http://techmeup.co/trouver-un-job-tech-a-san-francisco-ou-dans-la/" "Mozilla/5.0 (Windows NT 10.0; WOW64) AppleWebKit/537.36 (KHTML, like Gecko) Chrome/48.0.2564.103 Safari/537.36"
84.103.122.246 - - [07/Feb/2016:11:01:11 -0800] "GET /wp-includes/js/jquery/jquery-migrate.min.js?ver=1.2.1 HTTP/1.1" 200 3421 "http://techmeup.co/trouver-un-job-tech-a-san-francisco-ou-dans-la/" "Mozilla/5.0 (Windows NT 10.0; WOW64) AppleWebKit/537.36 (KHTML, like Gecko) Chrome/48.0.2564.103 Safari/537.36"
84.103.122.246 - - [07/Feb/2016:11:01:11 -0800] "GET /wp-includes/js/jquery/jquery.js?ver=1.11.1 HTTP/1.1" 200 33586 "http://techmeup.co/trouver-un-job-tech-a-san-francisco-ou-dans-la/" "Mozilla/5.0 (Windows NT 10.0; WOW64) AppleWebKit/537.36 (KHTML, like Gecko) Chrome/48.0.2564.103 Safari/537.36"
84.103.122.246 - - [07/Feb/2016:11:01:12 -0800] "GET /wp-content/plugins/wp-shortcode/js/jquery.tipsy.js?ver=4.1.1 HTTP/1.1" 200 3065 "http://techmeup.co/trouver-un-job-tech-a-san-francisco-ou-dans-la/" "Mozilla/5.0 (Windows NT 10.0; WOW64) AppleWebKit/537.36 (KHTML, like Gecko) Chrome/48.0.2564.103 Safari/537.36"
84.103.122.246 - - [07/Feb/2016:11:01:12 -0800] "GET /wp-content/plugins/wp-shortcode/js/wp-shortcode.js?ver=4.1.1 HTTP/1.1" 200 831 "http://techmeup.co/trouver-un-job-tech-a-san-francisco-ou-dans-la/" "Mozilla/5.0 (Windows NT 10.0; WOW64) AppleWebKit/537.36 (KHTML, like Gecko) Chrome/48.0.2564.103 Safari/537.36"
84.103.122.246 - - [07/Feb/2016:11:01:12 -0800] "GET /wp-includes/js/comment-reply.min.js?ver=4.1.1 HTTP/1.1" 200 757 "http://techmeup.co/trouver-un-job-tech-a-san-francisco-ou-dans-la/" "Mozilla/5.0 (Windows NT 10.0; WOW64) AppleWebKit/537.36 (KHTML, like Gecko) Chrome/48.0.2564.103 Safari/537.36"
84.103.122.246 - - [07/Feb/2016:11:01:12 -0800] "GET /wp-content/plugins/easy-twitter-feed-widget/lib/js/widget-easy-twitter-feed-widget.js?ver=1.0 HTTP/1.1" 200 663 "http://techmeup.co/trouver-un-job-tech-a-san-francisco-ou-dans-la/" "Mozilla/5.0 (Windows NT 10.0; WOW64) AppleWebKit/537.36 (KHTML, like Gecko) Chrome/48.0.2564.103 Safari/537.36"
84.103.122.246 - - [07/Feb/2016:11:01:12 -0800] "GET /wp-content/plugins/disqus-comment-system/media/js/disqus.js?ver=4.1.1 HTTP/1.1" 200 1101 "http://techmeup.co/trouver-un-job-tech-a-san-francisco-ou-dans-la/" "Mozilla/5.0 (Windows NT 10.0; WOW64) AppleWebKit/537.36 (KHTML, like Gecko) Chrome/48.0.2564.103 Safari/537.36"
84.103.122.246 - - [07/Feb/2016:11:01:12 -0800] "GET /wp-content/plugins/disqus-comment-system/media/js/count.js?ver=4.1.1 HTTP/1.1" 200 776 "http://techmeup.co/trouver-un-job-tech-a-san-francisco-ou-dans-la/" "Mozilla/5.0 (Windows NT 10.0; WOW64) AppleWebKit/537.36 (KHTML, like Gecko) Chrome/48.0.2564.103 Safari/537.36"
84.103.122.246 - - [07/Feb/2016:11:01:12 -0800] "POST /wp-admin/admin-ajax.php HTTP/1.1" 200 592 "http://techmeup.co/trouver-un-job-tech-a-san-francisco-ou-dans-la/" "Mozilla/5.0 (Windows NT 10.0; WOW64) AppleWebKit/537.36 (KHTML, like Gecko) Chrome/48.0.2564.103 Safari/537.36"
84.103.122.246 - - [07/Feb/2016:11:01:12 -0800] "GET /wp-content/themes/great/images/search.png HTTP/1.1" 200 1683 "http://techmeup.co/wp-content/themes/great/style.css" "Mozilla/5.0 (Windows NT 10.0; WOW64) AppleWebKit/537.36 (KHTML, like Gecko) Chrome/48.0.2564.103 Safari/537.36"
84.103.122.246 - - [07/Feb/2016:11:01:13 -0800] "GET /wp-content/themes/great/images/facebook.png HTTP/1.1" 200 4285 "http://techmeup.co/wp-content/themes/great/style.css" "Mozilla/5.0 (Windows NT 10.0; WOW64) AppleWebKit/537.36 (KHTML, like Gecko) Chrome/48.0.2564.103 Safari/537.36"
84.103.122.246 - - [07/Feb/2016:11:01:13 -0800] "GET /wp-content/themes/great/images/twitter.png HTTP/1.1" 200 4482 "http://techmeup.co/wp-content/themes/great/style.css" "Mozilla/5.0 (Windows NT 10.0; WOW64) AppleWebKit/537.36 (KHTML, like Gecko) Chrome/48.0.2564.103 Safari/537.36"
84.103.122.246 - - [07/Feb/2016:11:01:13 -0800] "GET /wp-content/themes/great/images/linkedin.png HTTP/1.1" 200 4390 "http://techmeup.co/wp-content/themes/great/style.css" "Mozilla/5.0 (Windows NT 10.0; WOW64) AppleWebKit/537.36 (KHTML, like Gecko) Chrome/48.0.2564.103 Safari/537.36"
84.103.122.246 - - [07/Feb/2016:11:01:12 -0800] "GET /wp-content/uploads/2014/09/logo-transparent-horizontal-1024x482.png HTTP/1.1" 200 334990 "http://techmeup.co/trouver-un-job-tech-a-san-francisco-ou-dans-la/" "Mozilla/5.0 (Windows NT 10.0; WOW64) AppleWebKit/537.36 (KHTML, like Gecko) Chrome/48.0.2564.103 Safari/537.36"
84.103.122.246 - - [07/Feb/2016:11:01:14 -0800] "GET /wp-content/uploads/2014/12/tumblr_inline_nfq2o82z0r1sa6hof-50x50.jpg HTTP/1.1" 200 2106 "http://techmeup.co/trouver-un-job-tech-a-san-francisco-ou-dans-la/" "Mozilla/5.0 (Windows NT 10.0; WOW64) AppleWebKit/537.36 (KHTML, like Gecko) Chrome/48.0.2564.103 Safari/537.36"
84.103.122.246 - - [07/Feb/2016:11:01:14 -0800] "GET /wp-content/uploads/2015/01/tumblr_inline_niqsunAsTl1spe2e1-50x50.jpg HTTP/1.1" 200 2747 "http://techmeup.co/trouver-un-job-tech-a-san-francisco-ou-dans-la/" "Mozilla/5.0 (Windows NT 10.0; WOW64) AppleWebKit/537.36 (KHTML, like Gecko) Chrome/48.0.2564.103 Safari/537.36"
84.103.122.246 - - [07/Feb/2016:11:01:14 -0800] "GET /wp-content/themes/great/images/arrow.png HTTP/1.1" 200 437 "http://techmeup.co/wp-content/themes/great/style.css" "Mozilla/5.0 (Windows NT 10.0; WOW64) AppleWebKit/537.36 (KHTML, like Gecko) Chrome/48.0.2564.103 Safari/537.36"
84.103.122.246 - - [07/Feb/2016:11:01:17 -0800] "GET /wordpress/wp-content/uploads/2015/02/favico.png HTTP/1.1" 200 987 "http://techmeup.co/trouver-un-job-tech-a-san-francisco-ou-dans-la/" "Mozilla/5.0 (Windows NT 10.0; WOW64) AppleWebKit/537.36 (KHTML, like Gecko) Chrome/48.0.2564.103 Safari/537.36"
84.103.122.246 - - [07/Feb/2016:11:01:18 -0800] "GET /trouver-un-job-tech-a-san-francisco-ou-dans-la/?cf_action=sync_comments&post_id=30 HTTP/1.1" 200 308 "http://techmeup.co/trouver-un-job-tech-a-san-francisco-ou-dans-la/" "Mozilla/5.0 (Windows NT 10.0; WOW64) AppleWebKit/537.36 (KHTML, like Gecko) Chrome/48.0.2564.103 Safari/537.36"
92.149.162.218 - - [07/Feb/2016:11:01:20 -0800] "GET /trouver-un-job-tech-a-san-francisco-ou-dans-la/ HTTP/1.1" 200 15558 "http://www.google.fr/url?sa=t&source=web&cd=3&rct=j&q=travailler%20a%20san%20francisco&ved=0ahUKEwiy0JHTqebKAhVGRhQKHVncAj4QFggfMAI&url=http%3A%2F%2Ftechmeup.co%2Ftrouver-un-job-tech-a-san-francisco-ou-dans-la%2F&usg=AFQjCNGgMd87fJIJwPQc96VsEMhEOoJgDw&sig2=eAIqJYky2ZmBRxy0jKTzBQ" "Mozilla/5.0 (Linux; U; Android 4.1.2; fr-fr; GT-P5110 Build/JZO54K) AppleWebKit/534.30 (KHTML, like Gecko) Version/4.0 Safari/534.30"
92.149.162.218 - - [07/Feb/2016:11:01:20 -0800] "GET /wp-content/themes/great/style.css HTTP/1.1" 200 7662 "http://techmeup.co/trouver-un-job-tech-a-san-francisco-ou-dans-la/" "Mozilla/5.0 (Linux; U; Android 4.1.2; fr-fr; GT-P5110 Build/JZO54K) AppleWebKit/534.30 (KHTML, like Gecko) Version/4.0 Safari/534.30"
92.149.162.218 - - [07/Feb/2016:11:01:20 -0800] "GET /wp-content/themes/great/js/modernizr.min.js HTTP/1.1" 200 6229 "http://techmeup.co/trouver-un-job-tech-a-san-francisco-ou-dans-la/" "Mozilla/5.0 (Linux; U; Android 4.1.2; fr-fr; GT-P5110 Build/JZO54K) AppleWebKit/534.30 (KHTML, like Gecko) Version/4.0 Safari/534.30"
92.149.162.218 - - [07/Feb/2016:11:01:20 -0800] "GET /wp-content/plugins/hupso-share-buttons-for-twitter-facebook-google/style.css?ver=4.1.1 HTTP/1.1" 200 416 "http://techmeup.co/trouver-un-job-tech-a-san-francisco-ou-dans-la/" "Mozilla/5.0 (Linux; U; Android 4.1.2; fr-fr; GT-P5110 Build/JZO54K) AppleWebKit/534.30 (KHTML, like Gecko) Version/4.0 Safari/534.30"
92.149.162.218 - - [07/Feb/2016:11:01:20 -0800] "GET /wp-includes/js/jquery/jquery-migrate.min.js?ver=1.2.1 HTTP/1.1" 200 3422 "http://techmeup.co/trouver-un-job-tech-a-san-francisco-ou-dans-la/" "Mozilla/5.0 (Linux; U; Android 4.1.2; fr-fr; GT-P5110 Build/JZO54K) AppleWebKit/534.30 (KHTML, like Gecko) Version/4.0 Safari/534.30"
92.149.162.218 - - [07/Feb/2016:11:01:20 -0800] "GET /wp-content/themes/great/js/customscript.js HTTP/1.1" 200 3601 "http://techmeup.co/trouver-un-job-tech-a-san-francisco-ou-dans-la/" "Mozilla/5.0 (Linux; U; Android 4.1.2; fr-fr; GT-P5110 Build/JZO54K) AppleWebKit/534.30 (KHTML, like Gecko) Version/4.0 Safari/534.30"
92.149.162.218 - - [07/Feb/2016:11:01:20 -0800] "GET /wp-content/plugins/wp-shortcode/css/tipsy.css?ver=4.1.1 HTTP/1.1" 200 868 "http://techmeup.co/trouver-un-job-tech-a-san-francisco-ou-dans-la/" "Mozilla/5.0 (Linux; U; Android 4.1.2; fr-fr; GT-P5110 Build/JZO54K) AppleWebKit/534.30 (KHTML, like Gecko) Version/4.0 Safari/534.30"
92.149.162.218 - - [07/Feb/2016:11:01:20 -0800] "GET /wp-content/plugins/easy-twitter-feed-widget/easy-twitter-feed-widget.css?ver=4.1.1 HTTP/1.1" 200 504 "http://techmeup.co/trouver-un-job-tech-a-san-francisco-ou-dans-la/" "Mozilla/5.0 (Linux; U; Android 4.1.2; fr-fr; GT-P5110 Build/JZO54K) AppleWebKit/534.30 (KHTML, like Gecko) Version/4.0 Safari/534.30"
92.149.162.218 - - [07/Feb/2016:11:01:20 -0800] "GET /wp-content/plugins/wp-shortcode/css/wp-shortcode.css?ver=4.1.1 HTTP/1.1" 200 2050 "http://techmeup.co/trouver-un-job-tech-a-san-francisco-ou-dans-la/" "Mozilla/5.0 (Linux; U; Android 4.1.2; fr-fr; GT-P5110 Build/JZO54K) AppleWebKit/534.30 (KHTML, like Gecko) Version/4.0 Safari/534.30"
92.149.162.218 - - [07/Feb/2016:11:01:20 -0800] "GET /wp-content/plugins/wp-shortcode/js/jquery.tipsy.js?ver=4.1.1 HTTP/1.1" 200 3066 "http://techmeup.co/trouver-un-job-tech-a-san-francisco-ou-dans-la/" "Mozilla/5.0 (Linux; U; Android 4.1.2; fr-fr; GT-P5110 Build/JZO54K) AppleWebKit/534.30 (KHTML, like Gecko) Version/4.0 Safari/534.30"
92.149.162.218 - - [07/Feb/2016:11:01:20 -0800] "GET /wp-includes/js/comment-reply.min.js?ver=4.1.1 HTTP/1.1" 200 757 "http://techmeup.co/trouver-un-job-tech-a-san-francisco-ou-dans-la/" "Mozilla/5.0 (Linux; U; Android 4.1.2; fr-fr; GT-P5110 Build/JZO54K) AppleWebKit/534.30 (KHTML, like Gecko) Version/4.0 Safari/534.30"
